mode: set
github.com/ordering-intelligence/order-service/cmd/order-service/main.go:151.13,155.16 3 0
github.com/ordering-intelligence/order-service/cmd/order-service/main.go:155.16,157.3 1 0
github.com/ordering-intelligence/order-service/cmd/order-service/main.go:159.2,162.16 3 0
github.com/ordering-intelligence/order-service/cmd/order-service/main.go:162.16,164.3 1 0
github.com/ordering-intelligence/order-service/cmd/order-service/main.go:165.2,168.21 3 0
github.com/ordering-intelligence/order-service/cmd/order-service/main.go:168.21,170.17 2 0
github.com/ordering-intelligence/order-service/cmd/order-service/main.go:170.17,172.4 1 0
github.com/ordering-intelligence/order-service/cmd/order-service/main.go:175.2,176.16 2 0
github.com/ordering-intelligence/order-service/cmd/order-service/main.go:176.16,178.3 1 0
github.com/ordering-intelligence/order-service/cmd/order-service/main.go:179.2,179.15 1 0
github.com/ordering-intelligence/order-service/cmd/order-service/main.go:179.15,180.26 1 0
github.com/ordering-intelligence/order-service/cmd/order-service/main.go:180.26,182.4 1 0
github.com/ordering-intelligence/order-service/cmd/order-service/main.go:185.2,189.42 5 0
github.com/ordering-intelligence/order-service/cmd/order-service/main.go:189.42,191.3 1 0
github.com/ordering-intelligence/order-service/cmd/order-service/main.go:193.2,193.70 1 0
github.com/ordering-intelligence/order-service/cmd/order-service/main.go:193.70,199.3 1 0
github.com/ordering-intelligence/order-service/cmd/order-service/main.go:201.2,203.87 2 0
github.com/ordering-intelligence/order-service/cmd/order-service/main.go:203.87,205.20 2 0
github.com/ordering-intelligence/order-service/cmd/order-service/main.go:205.20,208.4 2 0
github.com/ordering-intelligence/order-service/cmd/order-service/main.go:210.3,211.17 2 0
github.com/ordering-intelligence/order-service/cmd/order-service/main.go:211.17,215.4 3 0
github.com/ordering-intelligence/order-service/cmd/order-service/main.go:216.3,216.20 1 0
github.com/ordering-intelligence/order-service/cmd/order-service/main.go:216.20,219.4 2 0
github.com/ordering-intelligence/order-service/cmd/order-service/main.go:220.3,220.70 1 0
github.com/ordering-intelligence/order-service/cmd/order-service/main.go:220.70,223.4 2 0
github.com/ordering-intelligence/order-service/cmd/order-service/main.go:224.3,224.38 1 0
github.com/ordering-intelligence/order-service/cmd/order-service/main.go:227.2,227.70 1 0
github.com/ordering-intelligence/order-service/cmd/order-service/main.go:227.70,229.66 2 0
github.com/ordering-intelligence/order-service/cmd/order-service/main.go:229.66,232.4 2 0
github.com/ordering-intelligence/order-service/cmd/order-service/main.go:233.3,233.35 1 0
github.com/ordering-intelligence/order-service/cmd/order-service/main.go:233.35,235.4 1 0
github.com/ordering-intelligence/order-service/cmd/order-service/main.go:236.3,236.71 1 0
github.com/ordering-intelligence/order-service/cmd/order-service/main.go:236.71,239.4 2 0
github.com/ordering-intelligence/order-service/cmd/order-service/main.go:241.3,241.55 1 0
github.com/ordering-intelligence/order-service/cmd/order-service/main.go:241.55,244.4 2 0
github.com/ordering-intelligence/order-service/cmd/order-service/main.go:246.3,246.35 1 0
github.com/ordering-intelligence/order-service/cmd/order-service/main.go:246.35,247.128 1 0
github.com/ordering-intelligence/order-service/cmd/order-service/main.go:247.128,250.5 2 0
github.com/ordering-intelligence/order-service/cmd/order-service/main.go:253.3,255.63 2 0
github.com/ordering-intelligence/order-service/cmd/order-service/main.go:255.63,258.4 2 0
github.com/ordering-intelligence/order-service/cmd/order-service/main.go:260.3,260.23 1 0
github.com/ordering-intelligence/order-service/cmd/order-service/main.go:260.23,262.4 1 0
github.com/ordering-intelligence/order-service/cmd/order-service/main.go:264.3,289.90 5 0
github.com/ordering-intelligence/order-service/cmd/order-service/main.go:289.90,293.4 3 0
github.com/ordering-intelligence/order-service/cmd/order-service/main.go:294.3,296.51 2 0
github.com/ordering-intelligence/order-service/cmd/order-service/main.go:296.51,297.87 1 0
github.com/ordering-intelligence/order-service/cmd/order-service/main.go:297.87,299.5 1 0
github.com/ordering-intelligence/order-service/cmd/order-service/main.go:302.3,303.43 2 0
github.com/ordering-intelligence/order-service/cmd/order-service/main.go:306.2,306.79 1 0
github.com/ordering-intelligence/order-service/cmd/order-service/main.go:306.79,308.20 2 0
github.com/ordering-intelligence/order-service/cmd/order-service/main.go:308.20,311.4 2 0
github.com/ordering-intelligence/order-service/cmd/order-service/main.go:313.3,314.17 2 0
github.com/ordering-intelligence/order-service/cmd/order-service/main.go:314.17,318.4 3 0
github.com/ordering-intelligence/order-service/cmd/order-service/main.go:319.3,319.20 1 0
github.com/ordering-intelligence/order-service/cmd/order-service/main.go:319.20,322.4 2 0
github.com/ordering-intelligence/order-service/cmd/order-service/main.go:323.3,323.70 1 0
github.com/ordering-intelligence/order-service/cmd/order-service/main.go:323.70,326.4 2 0
github.com/ordering-intelligence/order-service/cmd/order-service/main.go:327.3,327.38 1 0
github.com/ordering-intelligence/order-service/cmd/order-service/main.go:331.2,331.84 1 0
github.com/ordering-intelligence/order-service/cmd/order-service/main.go:331.84,333.20 2 0
github.com/ordering-intelligence/order-service/cmd/order-service/main.go:333.20,336.4 2 0
github.com/ordering-intelligence/order-service/cmd/order-service/main.go:337.3,338.17 2 0
github.com/ordering-intelligence/order-service/cmd/order-service/main.go:338.17,342.4 3 0
github.com/ordering-intelligence/order-service/cmd/order-service/main.go:343.3,343.18 1 0
github.com/ordering-intelligence/order-service/cmd/order-service/main.go:343.18,346.4 2 0
github.com/ordering-intelligence/order-service/cmd/order-service/main.go:347.3,347.36 1 0
github.com/ordering-intelligence/order-service/cmd/order-service/main.go:351.2,351.93 1 0
github.com/ordering-intelligence/order-service/cmd/order-service/main.go:351.93,353.20 2 0
github.com/ordering-intelligence/order-service/cmd/order-service/main.go:353.20,356.4 2 0
github.com/ordering-intelligence/order-service/cmd/order-service/main.go:357.3,358.17 2 0
github.com/ordering-intelligence/order-service/cmd/order-service/main.go:358.17,362.4 3 0
github.com/ordering-intelligence/order-service/cmd/order-service/main.go:363.3,363.18 1 0
github.com/ordering-intelligence/order-service/cmd/order-service/main.go:363.18,366.4 2 0
github.com/ordering-intelligence/order-service/cmd/order-service/main.go:367.3,371.5 1 0
github.com/ordering-intelligence/order-service/cmd/order-service/main.go:374.2,374.84 1 0
github.com/ordering-intelligence/order-service/cmd/order-service/main.go:374.84,376.20 2 0
github.com/ordering-intelligence/order-service/cmd/order-service/main.go:376.20,379.4 2 0
github.com/ordering-intelligence/order-service/cmd/order-service/main.go:380.3,381.66 2 0
github.com/ordering-intelligence/order-service/cmd/order-service/main.go:381.66,384.4 2 0
github.com/ordering-intelligence/order-service/cmd/order-service/main.go:385.3,385.58 1 0
github.com/ordering-intelligence/order-service/cmd/order-service/main.go:385.58,388.4 2 0
github.com/ordering-intelligence/order-service/cmd/order-service/main.go:389.3,391.67 3 0
github.com/ordering-intelligence/order-service/cmd/order-service/main.go:391.67,395.4 3 0
github.com/ordering-intelligence/order-service/cmd/order-service/main.go:396.3,397.39 2 0
github.com/ordering-intelligence/order-service/cmd/order-service/main.go:401.2,404.86 2 0
github.com/ordering-intelligence/order-service/cmd/order-service/main.go:404.86,406.20 2 0
github.com/ordering-intelligence/order-service/cmd/order-service/main.go:406.20,409.4 2 0
github.com/ordering-intelligence/order-service/cmd/order-service/main.go:410.3,410.63 1 0
github.com/ordering-intelligence/order-service/cmd/order-service/main.go:410.63,413.4 2 0
github.com/ordering-intelligence/order-service/cmd/order-service/main.go:415.3,417.18 3 0
github.com/ordering-intelligence/order-service/cmd/order-service/main.go:417.18,419.4 1 0
github.com/ordering-intelligence/order-service/cmd/order-service/main.go:420.3,421.17 2 0
github.com/ordering-intelligence/order-service/cmd/order-service/main.go:421.17,425.4 3 0
github.com/ordering-intelligence/order-service/cmd/order-service/main.go:426.3,426.38 1 0
github.com/ordering-intelligence/order-service/cmd/order-service/main.go:430.2,430.94 1 0
github.com/ordering-intelligence/order-service/cmd/order-service/main.go:430.94,432.20 2 0
github.com/ordering-intelligence/order-service/cmd/order-service/main.go:432.20,435.4 2 0
github.com/ordering-intelligence/order-service/cmd/order-service/main.go:436.3,436.63 1 0
github.com/ordering-intelligence/order-service/cmd/order-service/main.go:436.63,439.4 2 0
github.com/ordering-intelligence/order-service/cmd/order-service/main.go:440.3,441.17 2 0
github.com/ordering-intelligence/order-service/cmd/order-service/main.go:441.17,445.4 3 0
github.com/ordering-intelligence/order-service/cmd/order-service/main.go:446.3,446.39 1 0
github.com/ordering-intelligence/order-service/cmd/order-service/main.go:450.2,450.88 1 0
github.com/ordering-intelligence/order-service/cmd/order-service/main.go:450.88,452.20 2 0
github.com/ordering-intelligence/order-service/cmd/order-service/main.go:452.20,455.4 2 0
github.com/ordering-intelligence/order-service/cmd/order-service/main.go:456.3,459.90 2 0
github.com/ordering-intelligence/order-service/cmd/order-service/main.go:459.90,462.4 2 0
github.com/ordering-intelligence/order-service/cmd/order-service/main.go:464.3,465.17 2 0
github.com/ordering-intelligence/order-service/cmd/order-service/main.go:465.17,466.44 1 0
github.com/ordering-intelligence/order-service/cmd/order-service/main.go:466.44,469.5 2 0
github.com/ordering-intelligence/order-service/cmd/order-service/main.go:470.4,470.40 1 0
github.com/ordering-intelligence/order-service/cmd/order-service/main.go:470.40,473.5 2 0
github.com/ordering-intelligence/order-service/cmd/order-service/main.go:474.4,474.44 1 0
github.com/ordering-intelligence/order-service/cmd/order-service/main.go:474.44,477.5 2 0
github.com/ordering-intelligence/order-service/cmd/order-service/main.go:478.4,480.10 3 0
github.com/ordering-intelligence/order-service/cmd/order-service/main.go:483.3,483.51 1 0
github.com/ordering-intelligence/order-service/cmd/order-service/main.go:483.51,484.90 1 0
github.com/ordering-intelligence/order-service/cmd/order-service/main.go:484.90,486.5 1 0
github.com/ordering-intelligence/order-service/cmd/order-service/main.go:489.3,489.39 1 0
github.com/ordering-intelligence/order-service/cmd/order-service/main.go:492.2,493.66 2 0
github.com/ordering-intelligence/order-service/cmd/order-service/main.go:493.66,495.3 1 0
github.com/ordering-intelligence/order-service/cmd/order-service/main.go:496.2,496.43 1 0
github.com/ordering-intelligence/order-service/cmd/order-service/main.go:499.43,501.16 2 0
github.com/ordering-intelligence/order-service/cmd/order-service/main.go:501.16,503.3 1 0
github.com/ordering-intelligence/order-service/cmd/order-service/main.go:505.2,506.16 2 0
github.com/ordering-intelligence/order-service/cmd/order-service/main.go:506.16,508.3 1 0
github.com/ordering-intelligence/order-service/cmd/order-service/main.go:510.2,519.8 1 0
github.com/ordering-intelligence/order-service/cmd/order-service/main.go:522.65,523.18 1 0
github.com/ordering-intelligence/order-service/cmd/order-service/main.go:523.18,525.3 1 0
github.com/ordering-intelligence/order-service/cmd/order-service/main.go:526.2,526.27 1 0
github.com/ordering-intelligence/order-service/cmd/order-service/main.go:527.14,528.14 1 0
github.com/ordering-intelligence/order-service/cmd/order-service/main.go:528.14,530.4 1 0
github.com/ordering-intelligence/order-service/cmd/order-service/main.go:531.3,531.11 1 0
github.com/ordering-intelligence/order-service/cmd/order-service/main.go:532.13,533.30 1 0
github.com/ordering-intelligence/order-service/cmd/order-service/main.go:534.15,535.30 1 0
github.com/ordering-intelligence/order-service/cmd/order-service/main.go:536.10,537.18 1 0
github.com/ordering-intelligence/order-service/cmd/order-service/main.go:541.56,542.18 1 0
github.com/ordering-intelligence/order-service/cmd/order-service/main.go:542.18,544.3 1 0
github.com/ordering-intelligence/order-service/cmd/order-service/main.go:545.2,545.27 1 0
github.com/ordering-intelligence/order-service/cmd/order-service/main.go:546.11,547.11 1 0
github.com/ordering-intelligence/order-service/cmd/order-service/main.go:548.13,549.16 1 0
github.com/ordering-intelligence/order-service/cmd/order-service/main.go:550.15,551.16 1 0
github.com/ordering-intelligence/order-service/cmd/order-service/main.go:552.14,553.44 1 0
github.com/ordering-intelligence/order-service/cmd/order-service/main.go:553.44,555.4 1 0
github.com/ordering-intelligence/order-service/cmd/order-service/main.go:556.3,556.18 1 0
github.com/ordering-intelligence/order-service/cmd/order-service/main.go:557.10,558.18 1 0
github.com/ordering-intelligence/order-service/cmd/order-service/main.go:562.98,563.25 1 0
github.com/ordering-intelligence/order-service/cmd/order-service/main.go:563.25,565.3 1 0
github.com/ordering-intelligence/order-service/cmd/order-service/main.go:567.2,568.27 2 0
github.com/ordering-intelligence/order-service/cmd/order-service/main.go:568.27,570.3 1 0
github.com/ordering-intelligence/order-service/cmd/order-service/main.go:572.2,572.62 1 0
github.com/ordering-intelligence/order-service/cmd/order-service/main.go:575.92,576.27 1 0
github.com/ordering-intelligence/order-service/cmd/order-service/main.go:576.27,578.3 1 0
github.com/ordering-intelligence/order-service/cmd/order-service/main.go:580.2,581.27 2 0
github.com/ordering-intelligence/order-service/cmd/order-service/main.go:581.27,583.3 1 0
github.com/ordering-intelligence/order-service/cmd/order-service/main.go:585.2,585.59 1 0
github.com/ordering-intelligence/order-service/cmd/order-service/main.go:588.118,589.100 1 0
github.com/ordering-intelligence/order-service/cmd/order-service/main.go:589.100,590.27 1 0
github.com/ordering-intelligence/order-service/cmd/order-service/main.go:590.27,595.18 3 0
github.com/ordering-intelligence/order-service/cmd/order-service/main.go:595.18,597.5 1 0
github.com/ordering-intelligence/order-service/cmd/order-service/main.go:598.4,598.42 1 0
github.com/ordering-intelligence/order-service/cmd/order-service/main.go:598.42,600.5 1 0
github.com/ordering-intelligence/order-service/cmd/order-service/main.go:601.4,606.19 1 0
github.com/ordering-intelligence/order-service/cmd/order-service/main.go:606.19,608.5 1 0
github.com/ordering-intelligence/order-service/cmd/order-service/main.go:611.3,612.47 2 0
github.com/ordering-intelligence/order-service/cmd/order-service/main.go:612.47,614.4 1 0
github.com/ordering-intelligence/order-service/cmd/order-service/main.go:615.3,615.13 1 0
github.com/ordering-intelligence/order-service/cmd/order-service/main.go:619.107,621.16 2 0
github.com/ordering-intelligence/order-service/cmd/order-service/main.go:621.16,622.41 1 0
github.com/ordering-intelligence/order-service/cmd/order-service/main.go:622.41,624.4 1 0
github.com/ordering-intelligence/order-service/cmd/order-service/main.go:625.3,625.18 1 0
github.com/ordering-intelligence/order-service/cmd/order-service/main.go:628.2,629.49 2 0
github.com/ordering-intelligence/order-service/cmd/order-service/main.go:629.49,631.3 1 0
github.com/ordering-intelligence/order-service/cmd/order-service/main.go:632.2,632.21 1 0
github.com/ordering-intelligence/order-service/cmd/order-service/main.go:635.114,638.16 3 0
github.com/ordering-intelligence/order-service/cmd/order-service/main.go:638.16,640.3 1 0
github.com/ordering-intelligence/order-service/cmd/order-service/main.go:642.2,644.12 3 0
github.com/ordering-intelligence/order-service/cmd/order-service/main.go:647.31,649.2 1 0
github.com/ordering-intelligence/order-service/cmd/order-service/main.go:651.72,654.59 3 1
github.com/ordering-intelligence/order-service/cmd/order-service/main.go:654.59,656.3 1 0
github.com/ordering-intelligence/order-service/cmd/order-service/main.go:659.37,663.2 3 0
github.com/ordering-intelligence/order-service/cmd/order-service/main.go:665.116,670.16 4 0
github.com/ordering-intelligence/order-service/cmd/order-service/main.go:670.16,671.36 1 0
github.com/ordering-intelligence/order-service/cmd/order-service/main.go:671.36,673.4 1 0
github.com/ordering-intelligence/order-service/cmd/order-service/main.go:674.3,674.18 1 0
github.com/ordering-intelligence/order-service/cmd/order-service/main.go:677.2,678.44 2 0
github.com/ordering-intelligence/order-service/cmd/order-service/main.go:678.44,680.3 1 0
github.com/ordering-intelligence/order-service/cmd/order-service/main.go:681.2,681.21 1 0
github.com/ordering-intelligence/order-service/cmd/order-service/main.go:684.119,685.15 1 0
github.com/ordering-intelligence/order-service/cmd/order-service/main.go:685.15,687.3 1 0
github.com/ordering-intelligence/order-service/cmd/order-service/main.go:688.2,689.16 2 0
github.com/ordering-intelligence/order-service/cmd/order-service/main.go:689.16,690.41 1 0
github.com/ordering-intelligence/order-service/cmd/order-service/main.go:690.41,692.4 1 0
github.com/ordering-intelligence/order-service/cmd/order-service/main.go:693.3,693.18 1 0
github.com/ordering-intelligence/order-service/cmd/order-service/main.go:695.2,696.26 2 0
github.com/ordering-intelligence/order-service/cmd/order-service/main.go:696.26,698.3 1 0
github.com/ordering-intelligence/order-service/cmd/order-service/main.go:699.2,699.41 1 0
github.com/ordering-intelligence/order-service/cmd/order-service/main.go:710.45,712.24 1 0
github.com/ordering-intelligence/order-service/cmd/order-service/main.go:712.24,720.3 1 0
github.com/ordering-intelligence/order-service/cmd/order-service/main.go:722.2,723.33 2 0
github.com/ordering-intelligence/order-service/cmd/order-service/main.go:723.33,725.38 2 0
github.com/ordering-intelligence/order-service/cmd/order-service/main.go:725.38,727.4 1 0
github.com/ordering-intelligence/order-service/cmd/order-service/main.go:728.3,729.19 2 0
github.com/ordering-intelligence/order-service/cmd/order-service/main.go:731.2,738.3 2 0
github.com/ordering-intelligence/order-service/cmd/order-service/main.go:741.71,742.21 1 0
github.com/ordering-intelligence/order-service/cmd/order-service/main.go:742.21,744.3 1 0
github.com/ordering-intelligence/order-service/cmd/order-service/main.go:745.2,745.29 1 0
github.com/ordering-intelligence/order-service/cmd/order-service/main.go:745.29,746.43 1 0
github.com/ordering-intelligence/order-service/cmd/order-service/main.go:746.43,748.4 1 0
github.com/ordering-intelligence/order-service/cmd/order-service/main.go:749.3,749.25 1 0
github.com/ordering-intelligence/order-service/cmd/order-service/main.go:749.25,751.4 1 0
github.com/ordering-intelligence/order-service/cmd/order-service/main.go:752.3,752.26 1 0
github.com/ordering-intelligence/order-service/cmd/order-service/main.go:752.26,754.4 1 0
github.com/ordering-intelligence/order-service/cmd/order-service/main.go:755.3,755.20 1 0
github.com/ordering-intelligence/order-service/cmd/order-service/main.go:755.20,756.38 1 0
github.com/ordering-intelligence/order-service/cmd/order-service/main.go:756.38,757.21 1 0
github.com/ordering-intelligence/order-service/cmd/order-service/main.go:757.21,759.6 1 0
github.com/ordering-intelligence/order-service/cmd/order-service/main.go:761.5,761.56 1 0
github.com/ordering-intelligence/order-service/cmd/order-service/main.go:761.56,763.38 2 0
github.com/ordering-intelligence/order-service/cmd/order-service/main.go:763.38,765.7 1 0
github.com/ordering-intelligence/order-service/cmd/order-service/main.go:766.6,766.41 1 0
github.com/ordering-intelligence/order-service/cmd/order-service/main.go:766.41,767.43 1 0
github.com/ordering-intelligence/order-service/cmd/order-service/main.go:767.43,769.8 1 0
github.com/ordering-intelligence/order-service/cmd/order-service/main.go:772.10,774.5 1 0
github.com/ordering-intelligence/order-service/cmd/order-service/main.go:777.2,777.12 1 0
github.com/ordering-intelligence/order-service/cmd/order-service/main.go:784.58,785.17 1 0
github.com/ordering-intelligence/order-service/cmd/order-service/main.go:786.21,787.71 1 0
github.com/ordering-intelligence/order-service/cmd/order-service/main.go:788.23,789.67 1 0
github.com/ordering-intelligence/order-service/cmd/order-service/main.go:790.19,791.71 1 0
github.com/ordering-intelligence/order-service/cmd/order-service/main.go:792.40,793.27 1 0
github.com/ordering-intelligence/order-service/cmd/order-service/main.go:794.10,795.27 1 0
github.com/ordering-intelligence/order-service/cmd/order-service/main.go:799.174,800.21 1 0
github.com/ordering-intelligence/order-service/cmd/order-service/main.go:800.21,802.3 1 0
github.com/ordering-intelligence/order-service/cmd/order-service/main.go:803.2,804.100 2 0
github.com/ordering-intelligence/order-service/cmd/order-service/main.go:804.100,806.17 2 0
github.com/ordering-intelligence/order-service/cmd/order-service/main.go:806.17,807.42 1 0
github.com/ordering-intelligence/order-service/cmd/order-service/main.go:807.42,809.5 1 0
github.com/ordering-intelligence/order-service/cmd/order-service/main.go:810.4,810.14 1 0
github.com/ordering-intelligence/order-service/cmd/order-service/main.go:813.3,814.46 2 0
github.com/ordering-intelligence/order-service/cmd/order-service/main.go:814.46,816.4 1 0
github.com/ordering-intelligence/order-service/cmd/order-service/main.go:818.3,818.61 1 0
github.com/ordering-intelligence/order-service/cmd/order-service/main.go:818.61,820.4 1 0
github.com/ordering-intelligence/order-service/cmd/order-service/main.go:822.3,822.33 1 0
github.com/ordering-intelligence/order-service/cmd/order-service/main.go:822.33,824.4 1 0
github.com/ordering-intelligence/order-service/cmd/order-service/main.go:825.3,825.53 1 0
github.com/ordering-intelligence/order-service/cmd/order-service/main.go:825.53,827.4 1 0
github.com/ordering-intelligence/order-service/cmd/order-service/main.go:829.3,831.32 3 0
github.com/ordering-intelligence/order-service/cmd/order-service/main.go:834.2,834.16 1 0
github.com/ordering-intelligence/order-service/cmd/order-service/main.go:834.16,836.3 1 0
github.com/ordering-intelligence/order-service/cmd/order-service/main.go:838.2,839.16 2 0
github.com/ordering-intelligence/order-service/cmd/order-service/main.go:839.16,841.3 1 0
github.com/ordering-intelligence/order-service/cmd/order-service/main.go:842.2,842.21 1 0
github.com/ordering-intelligence/order-service/cmd/order-service/main.go:845.140,847.24 2 0
github.com/ordering-intelligence/order-service/cmd/order-service/main.go:847.24,849.3 1 0
github.com/ordering-intelligence/order-service/cmd/order-service/main.go:850.2,854.6 4 0
github.com/ordering-intelligence/order-service/cmd/order-service/main.go:854.6,856.17 2 0
github.com/ordering-intelligence/order-service/cmd/order-service/main.go:856.17,857.37 1 0
github.com/ordering-intelligence/order-service/cmd/order-service/main.go:857.37,858.10 1 0
github.com/ordering-intelligence/order-service/cmd/order-service/main.go:860.4,860.19 1 0
github.com/ordering-intelligence/order-service/cmd/order-service/main.go:862.3,863.46 2 0
github.com/ordering-intelligence/order-service/cmd/order-service/main.go:863.46,865.4 1 0
github.com/ordering-intelligence/order-service/cmd/order-service/main.go:866.3,866.36 1 0
github.com/ordering-intelligence/order-service/cmd/order-service/main.go:868.2,868.21 1 0
github.com/ordering-intelligence/order-service/cmd/order-service/main.go:871.54,872.17 1 1
github.com/ordering-intelligence/order-service/cmd/order-service/main.go:872.17,874.3 1 1
github.com/ordering-intelligence/order-service/cmd/order-service/main.go:875.2,876.16 2 1
github.com/ordering-intelligence/order-service/cmd/order-service/main.go:876.16,878.3 1 1
github.com/ordering-intelligence/order-service/cmd/order-service/main.go:879.2,879.15 1 1
github.com/ordering-intelligence/order-service/cmd/order-service/main.go:882.91,884.27 2 0
github.com/ordering-intelligence/order-service/cmd/order-service/main.go:884.27,886.3 1 0
github.com/ordering-intelligence/order-service/cmd/order-service/main.go:887.2,888.16 2 0
github.com/ordering-intelligence/order-service/cmd/order-service/main.go:888.16,890.3 1 0
github.com/ordering-intelligence/order-service/cmd/order-service/main.go:891.2,891.22 1 0
github.com/ordering-intelligence/order-service/cmd/order-service/main.go:898.83,899.46 1 1
github.com/ordering-intelligence/order-service/cmd/order-service/main.go:899.46,900.72 1 1
github.com/ordering-intelligence/order-service/cmd/order-service/main.go:900.72,902.24 2 1
github.com/ordering-intelligence/order-service/cmd/order-service/main.go:902.24,905.5 2 1
github.com/ordering-intelligence/order-service/cmd/order-service/main.go:906.4,907.33 2 1
github.com/ordering-intelligence/order-service/cmd/order-service/main.go:907.33,910.5 2 1
github.com/ordering-intelligence/order-service/cmd/order-service/main.go:911.4,912.18 2 1
github.com/ordering-intelligence/order-service/cmd/order-service/main.go:912.18,916.5 3 0
github.com/ordering-intelligence/order-service/cmd/order-service/main.go:917.4,918.55 2 1
github.com/ordering-intelligence/order-service/cmd/order-service/main.go:918.55,919.49 1 1
github.com/ordering-intelligence/order-service/cmd/order-service/main.go:919.49,920.26 1 1
github.com/ordering-intelligence/order-service/cmd/order-service/main.go:920.26,921.36 1 1
github.com/ordering-intelligence/order-service/cmd/order-service/main.go:921.36,923.8 1 1
github.com/ordering-intelligence/order-service/cmd/order-service/main.go:927.4,928.55 2 1
github.com/ordering-intelligence/order-service/cmd/order-service/main.go:928.55,930.5 1 1
github.com/ordering-intelligence/order-service/cmd/order-service/main.go:931.4,936.41 2 1
github.com/ordering-intelligence/order-service/cmd/order-service/main.go:941.105,943.16 2 0
github.com/ordering-intelligence/order-service/cmd/order-service/main.go:943.16,944.41 1 0
github.com/ordering-intelligence/order-service/cmd/order-service/main.go:944.41,946.4 1 0
github.com/ordering-intelligence/order-service/cmd/order-service/main.go:947.3,947.18 1 0
github.com/ordering-intelligence/order-service/cmd/order-service/main.go:949.2,950.42 2 0
github.com/ordering-intelligence/order-service/cmd/order-service/main.go:950.42,952.3 1 0
github.com/ordering-intelligence/order-service/cmd/order-service/main.go:953.2,953.19 1 0
github.com/ordering-intelligence/order-service/cmd/order-service/main.go:963.111,964.42 1 1
github.com/ordering-intelligence/order-service/cmd/order-service/main.go:964.42,966.36 2 1
github.com/ordering-intelligence/order-service/cmd/order-service/main.go:966.36,969.4 2 1
github.com/ordering-intelligence/order-service/cmd/order-service/main.go:970.3,970.28 1 1
github.com/ordering-intelligence/order-service/cmd/order-service/main.go:972.2,974.31 3 1
github.com/ordering-intelligence/order-service/cmd/order-service/main.go:974.31,976.3 1 1
github.com/ordering-intelligence/order-service/cmd/order-service/main.go:977.2,977.18 1 1
github.com/ordering-intelligence/order-service/cmd/order-service/main.go:980.42,982.2 1 1
github.com/ordering-intelligence/order-service/cmd/order-service/main.go:984.61,990.2 5 1
github.com/ordering-intelligence/order-service/cmd/order-service/main.go:993.103,994.54 1 1
github.com/ordering-intelligence/order-service/cmd/order-service/main.go:994.54,1000.66 2 1
github.com/ordering-intelligence/order-service/cmd/order-service/main.go:1000.66,1003.4 2 0
github.com/ordering-intelligence/order-service/cmd/order-service/main.go:1004.3,1004.33 1 1
github.com/ordering-intelligence/order-service/cmd/order-service/main.go:1004.33,1007.4 2 1
github.com/ordering-intelligence/order-service/cmd/order-service/main.go:1008.3,1009.17 2 1
github.com/ordering-intelligence/order-service/cmd/order-service/main.go:1009.17,1012.4 2 1
github.com/ordering-intelligence/order-service/cmd/order-service/main.go:1013.3,1019.78 2 1
github.com/ordering-intelligence/order-service/cmd/order-service/main.go:1019.78,1022.4 2 1
github.com/ordering-intelligence/order-service/cmd/order-service/main.go:1023.3,1026.79 3 1
github.com/ordering-intelligence/order-service/cmd/order-service/main.go:1026.79,1028.4 1 0
github.com/ordering-intelligence/order-service/cmd/order-service/main.go:1029.3,1029.38 1 1
github.com/ordering-intelligence/order-service/cmd/order-service/main.go:1033.116,1035.31 2 0
github.com/ordering-intelligence/order-service/cmd/order-service/main.go:1035.31,1037.3 1 0
github.com/ordering-intelligence/order-service/cmd/order-service/main.go:1038.2,1039.34 2 0
github.com/ordering-intelligence/order-service/cmd/order-service/main.go:1039.34,1041.3 1 0
github.com/ordering-intelligence/order-service/cmd/order-service/main.go:1042.2,1042.20 1 0
github.com/ordering-intelligence/order-service/cmd/order-service/main.go:1045.48,1046.29 1 1
github.com/ordering-intelligence/order-service/cmd/order-service/main.go:1046.29,1047.39 1 1
github.com/ordering-intelligence/order-service/cmd/order-service/main.go:1047.39,1049.4 1 1
github.com/ordering-intelligence/order-service/cmd/order-service/main.go:1050.3,1050.26 1 1
github.com/ordering-intelligence/order-service/cmd/order-service/main.go:1050.26,1052.4 1 1
github.com/ordering-intelligence/order-service/cmd/order-service/main.go:1053.3,1053.46 1 1
github.com/ordering-intelligence/order-service/cmd/order-service/main.go:1053.46,1055.4 1 1
github.com/ordering-intelligence/order-service/cmd/order-service/main.go:1057.2,1057.12 1 1
github.com/ordering-intelligence/order-service/cmd/order-service/main.go:1060.92,1064.2 3 0
github.com/ordering-intelligence/order-service/cmd/order-service/main.go:1066.80,1068.29 2 1
github.com/ordering-intelligence/order-service/cmd/order-service/main.go:1068.29,1069.37 1 1
github.com/ordering-intelligence/order-service/cmd/order-service/main.go:1069.37,1071.18 2 1
github.com/ordering-intelligence/order-service/cmd/order-service/main.go:1071.18,1073.5 1 1
github.com/ordering-intelligence/order-service/cmd/order-service/main.go:1074.4,1081.5 1 1
github.com/ordering-intelligence/order-service/cmd/order-service/main.go:1082.9,1084.4 1 1
github.com/ordering-intelligence/order-service/cmd/order-service/main.go:1086.2,1086.17 1 1
github.com/ordering-intelligence/order-service/cmd/order-service/main.go:1089.63,1090.19 1 1
github.com/ordering-intelligence/order-service/cmd/order-service/main.go:1090.19,1092.3 1 1
github.com/ordering-intelligence/order-service/cmd/order-service/main.go:1093.2,1094.16 2 1
github.com/ordering-intelligence/order-service/cmd/order-service/main.go:1094.16,1096.3 1 1
github.com/ordering-intelligence/order-service/cmd/order-service/main.go:1097.2,1098.9 2 1
github.com/ordering-intelligence/order-service/cmd/order-service/main.go:1098.9,1100.3 1 1
github.com/ordering-intelligence/order-service/cmd/order-service/main.go:1102.2,1102.27 1 1
github.com/ordering-intelligence/order-service/cmd/order-service/main.go:1102.27,1104.3 1 1
github.com/ordering-intelligence/order-service/cmd/order-service/main.go:1105.2,1105.32 1 1
github.com/ordering-intelligence/order-service/cmd/order-service/main.go:1105.32,1106.19 1 1
github.com/ordering-intelligence/order-service/cmd/order-service/main.go:1106.19,1108.4 1 1
github.com/ordering-intelligence/order-service/cmd/order-service/main.go:1110.2,1110.14 1 1
github.com/ordering-intelligence/order-service/cmd/order-service/main.go:1119.135,1133.6 8 0
github.com/ordering-intelligence/order-service/cmd/order-service/main.go:1133.6,1135.17 2 0
github.com/ordering-intelligence/order-service/cmd/order-service/main.go:1135.17,1136.37 1 0
github.com/ordering-intelligence/order-service/cmd/order-service/main.go:1136.37,1137.10 1 0
github.com/ordering-intelligence/order-service/cmd/order-service/main.go:1139.4,1139.19 1 0
github.com/ordering-intelligence/order-service/cmd/order-service/main.go:1141.3,1142.46 2 0
github.com/ordering-intelligence/order-service/cmd/order-service/main.go:1142.46,1144.4 1 0
github.com/ordering-intelligence/order-service/cmd/order-service/main.go:1145.3,1147.36 3 0
github.com/ordering-intelligence/order-service/cmd/order-service/main.go:1147.36,1149.4 1 0
github.com/ordering-intelligence/order-service/cmd/order-service/main.go:1152.2,1156.8 1 0
