mode: set
github.com/ordering-intelligence/admin-service/cmd/admin-service/main.go:64.13,68.16 3 0
github.com/ordering-intelligence/admin-service/cmd/admin-service/main.go:68.16,70.3 1 0
github.com/ordering-intelligence/admin-service/cmd/admin-service/main.go:72.2,74.16 3 0
github.com/ordering-intelligence/admin-service/cmd/admin-service/main.go:74.16,76.3 1 0
github.com/ordering-intelligence/admin-service/cmd/admin-service/main.go:77.2,80.21 3 0
github.com/ordering-intelligence/admin-service/cmd/admin-service/main.go:80.21,82.17 2 0
github.com/ordering-intelligence/admin-service/cmd/admin-service/main.go:82.17,84.4 1 0
github.com/ordering-intelligence/admin-service/cmd/admin-service/main.go:87.2,91.42 5 0
github.com/ordering-intelligence/admin-service/cmd/admin-service/main.go:91.42,93.3 1 0
github.com/ordering-intelligence/admin-service/cmd/admin-service/main.go:95.2,95.70 1 0
github.com/ordering-intelligence/admin-service/cmd/admin-service/main.go:95.70,101.3 1 0
github.com/ordering-intelligence/admin-service/cmd/admin-service/main.go:103.2,103.70 1 0
github.com/ordering-intelligence/admin-service/cmd/admin-service/main.go:103.70,105.17 2 0
github.com/ordering-intelligence/admin-service/cmd/admin-service/main.go:105.17,109.4 3 0
github.com/ordering-intelligence/admin-service/cmd/admin-service/main.go:110.3,110.39 1 0
github.com/ordering-intelligence/admin-service/cmd/admin-service/main.go:113.2,113.71 1 0
github.com/ordering-intelligence/admin-service/cmd/admin-service/main.go:113.71,115.66 2 0
github.com/ordering-intelligence/admin-service/cmd/admin-service/main.go:115.66,118.4 2 0
github.com/ordering-intelligence/admin-service/cmd/admin-service/main.go:119.3,119.109 1 0
github.com/ordering-intelligence/admin-service/cmd/admin-service/main.go:119.109,122.4 2 0
github.com/ordering-intelligence/admin-service/cmd/admin-service/main.go:124.3,138.74 2 0
github.com/ordering-intelligence/admin-service/cmd/admin-service/main.go:138.74,142.4 3 0
github.com/ordering-intelligence/admin-service/cmd/admin-service/main.go:144.3,145.49 2 0
github.com/ordering-intelligence/admin-service/cmd/admin-service/main.go:148.2,148.81 1 0
github.com/ordering-intelligence/admin-service/cmd/admin-service/main.go:148.81,150.15 2 0
github.com/ordering-intelligence/admin-service/cmd/admin-service/main.go:150.15,153.4 2 0
github.com/ordering-intelligence/admin-service/cmd/admin-service/main.go:155.3,156.17 2 0
github.com/ordering-intelligence/admin-service/cmd/admin-service/main.go:156.17,160.4 3 0
github.com/ordering-intelligence/admin-service/cmd/admin-service/main.go:161.3,161.20 1 0
github.com/ordering-intelligence/admin-service/cmd/admin-service/main.go:161.20,164.4 2 0
github.com/ordering-intelligence/admin-service/cmd/admin-service/main.go:166.3,166.38 1 0
github.com/ordering-intelligence/admin-service/cmd/admin-service/main.go:169.2,169.97 1 0
github.com/ordering-intelligence/admin-service/cmd/admin-service/main.go:169.97,171.21 2 0
github.com/ordering-intelligence/admin-service/cmd/admin-service/main.go:171.21,174.4 2 0
github.com/ordering-intelligence/admin-service/cmd/admin-service/main.go:176.3,177.66 2 0
github.com/ordering-intelligence/admin-service/cmd/admin-service/main.go:177.66,180.4 2 0
github.com/ordering-intelligence/admin-service/cmd/admin-service/main.go:182.3,183.17 2 0
github.com/ordering-intelligence/admin-service/cmd/admin-service/main.go:183.17,184.41 1 0
github.com/ordering-intelligence/admin-service/cmd/admin-service/main.go:184.41,187.5 2 0
github.com/ordering-intelligence/admin-service/cmd/admin-service/main.go:188.4,190.10 3 0
github.com/ordering-intelligence/admin-service/cmd/admin-service/main.go:193.3,194.39 2 0
github.com/ordering-intelligence/admin-service/cmd/admin-service/main.go:197.2,198.66 2 0
github.com/ordering-intelligence/admin-service/cmd/admin-service/main.go:198.66,200.3 1 0
github.com/ordering-intelligence/admin-service/cmd/admin-service/main.go:203.43,205.16 2 0
github.com/ordering-intelligence/admin-service/cmd/admin-service/main.go:205.16,207.3 1 0
github.com/ordering-intelligence/admin-service/cmd/admin-service/main.go:209.2,210.16 2 0
github.com/ordering-intelligence/admin-service/cmd/admin-service/main.go:210.16,212.3 1 0
github.com/ordering-intelligence/admin-service/cmd/admin-service/main.go:214.2,220.8 1 0
github.com/ordering-intelligence/admin-service/cmd/admin-service/main.go:223.65,224.27 1 1
github.com/ordering-intelligence/admin-service/cmd/admin-service/main.go:225.14,226.14 1 1
github.com/ordering-intelligence/admin-service/cmd/admin-service/main.go:226.14,228.4 1 1
github.com/ordering-intelligence/admin-service/cmd/admin-service/main.go:229.3,229.11 1 1
github.com/ordering-intelligence/admin-service/cmd/admin-service/main.go:230.13,231.30 1 1
github.com/ordering-intelligence/admin-service/cmd/admin-service/main.go:232.10,233.18 1 0
github.com/ordering-intelligence/admin-service/cmd/admin-service/main.go:237.98,238.25 1 0
github.com/ordering-intelligence/admin-service/cmd/admin-service/main.go:238.25,240.3 1 0
github.com/ordering-intelligence/admin-service/cmd/admin-service/main.go:242.2,243.27 2 0
github.com/ordering-intelligence/admin-service/cmd/admin-service/main.go:243.27,245.3 1 0
github.com/ordering-intelligence/admin-service/cmd/admin-service/main.go:247.2,247.62 1 0
github.com/ordering-intelligence/admin-service/cmd/admin-service/main.go:250.88,252.16 2 0
github.com/ordering-intelligence/admin-service/cmd/admin-service/main.go:252.16,254.3 1 0
github.com/ordering-intelligence/admin-service/cmd/admin-service/main.go:256.2,257.33 2 0
github.com/ordering-intelligence/admin-service/cmd/admin-service/main.go:257.33,259.45 2 0
github.com/ordering-intelligence/admin-service/cmd/admin-service/main.go:259.45,261.4 1 0
github.com/ordering-intelligence/admin-service/cmd/admin-service/main.go:262.3,262.33 1 0
github.com/ordering-intelligence/admin-service/cmd/admin-service/main.go:264.2,264.20 1 0
github.com/ordering-intelligence/admin-service/cmd/admin-service/main.go:267.92,271.2 3 0
github.com/ordering-intelligence/admin-service/cmd/admin-service/main.go:273.104,275.16 2 0
github.com/ordering-intelligence/admin-service/cmd/admin-service/main.go:275.16,276.41 1 0
github.com/ordering-intelligence/admin-service/cmd/admin-service/main.go:276.41,278.4 1 0
github.com/ordering-intelligence/admin-service/cmd/admin-service/main.go:279.3,279.18 1 0
github.com/ordering-intelligence/admin-service/cmd/admin-service/main.go:282.2,283.48 2 0
github.com/ordering-intelligence/admin-service/cmd/admin-service/main.go:283.48,285.3 1 0
github.com/ordering-intelligence/admin-service/cmd/admin-service/main.go:286.2,286.20 1 0
github.com/ordering-intelligence/admin-service/cmd/admin-service/main.go:296.119,305.2 3 0
github.com/ordering-intelligence/admin-service/cmd/admin-service/main.go:309.133,312.16 3 0
github.com/ordering-intelligence/admin-service/cmd/admin-service/main.go:312.16,313.41 1 0
github.com/ordering-intelligence/admin-service/cmd/admin-service/main.go:313.41,315.4 1 0
github.com/ordering-intelligence/admin-service/cmd/admin-service/main.go:316.3,316.18 1 0
github.com/ordering-intelligence/admin-service/cmd/admin-service/main.go:318.2,318.18 1 0
github.com/ordering-intelligence/admin-service/cmd/admin-service/main.go:318.18,320.3 1 0
github.com/ordering-intelligence/admin-service/cmd/admin-service/main.go:321.2,321.155 1 0
github.com/ordering-intelligence/admin-service/cmd/admin-service/main.go:321.155,323.3 1 0
github.com/ordering-intelligence/admin-service/cmd/admin-service/main.go:324.2,324.43 1 0
github.com/ordering-intelligence/admin-service/cmd/admin-service/main.go:327.47,328.23 1 1
github.com/ordering-intelligence/admin-service/cmd/admin-service/main.go:328.23,330.3 1 1
github.com/ordering-intelligence/admin-service/cmd/admin-service/main.go:331.2,331.20 1 1
github.com/ordering-intelligence/admin-service/cmd/admin-service/main.go:334.32,336.2 1 1
github.com/ordering-intelligence/admin-service/cmd/admin-service/main.go:340.72,343.59 3 1
github.com/ordering-intelligence/admin-service/cmd/admin-service/main.go:343.59,345.3 1 0
github.com/ordering-intelligence/admin-service/cmd/admin-service/main.go:348.91,350.27 2 0
github.com/ordering-intelligence/admin-service/cmd/admin-service/main.go:350.27,352.3 1 0
github.com/ordering-intelligence/admin-service/cmd/admin-service/main.go:353.2,354.16 2 0
github.com/ordering-intelligence/admin-service/cmd/admin-service/main.go:354.16,356.3 1 0
github.com/ordering-intelligence/admin-service/cmd/admin-service/main.go:357.2,357.22 1 0
github.com/ordering-intelligence/admin-service/cmd/admin-service/main.go:364.83,365.46 1 1
github.com/ordering-intelligence/admin-service/cmd/admin-service/main.go:365.46,366.72 1 1
github.com/ordering-intelligence/admin-service/cmd/admin-service/main.go:366.72,368.24 2 1
github.com/ordering-intelligence/admin-service/cmd/admin-service/main.go:368.24,371.5 2 1
github.com/ordering-intelligence/admin-service/cmd/admin-service/main.go:372.4,373.33 2 1
github.com/ordering-intelligence/admin-service/cmd/admin-service/main.go:373.33,376.5 2 0
github.com/ordering-intelligence/admin-service/cmd/admin-service/main.go:377.4,378.18 2 1
github.com/ordering-intelligence/admin-service/cmd/admin-service/main.go:378.18,382.5 3 0
github.com/ordering-intelligence/admin-service/cmd/admin-service/main.go:384.4,384.73 1 1
github.com/ordering-intelligence/admin-service/cmd/admin-service/main.go:384.73,387.5 2 1
github.com/ordering-intelligence/admin-service/cmd/admin-service/main.go:388.4,388.24 1 1
github.com/ordering-intelligence/admin-service/cmd/admin-service/main.go:393.37,397.2 3 1
